
===========================================================================
 report_power
============================================================================
======================= nom_tt_025C_1v80 Corner ===================================

Group                    Internal    Switching      Leakage        Total
                            Power        Power        Power        Power (Watts)
------------------------------------------------------------------------
Sequential           6.837773e-05 6.609815e-07 2.142389e-09 6.904086e-05  55.0%
Combinational        3.655768e-06 4.325561e-06 3.447523e-09 7.984777e-06   6.4%
Clock                2.218976e-05 2.620838e-05 1.997240e-09 4.840014e-05  38.6%
Macro                0.000000e+00 0.000000e+00 0.000000e+00 0.000000e+00   0.0%
Pad                  0.000000e+00 0.000000e+00 0.000000e+00 0.000000e+00   0.0%
------------------------------------------------------------------------
Total                9.422327e-05 3.119493e-05 7.587143e-09 1.254258e-04 100.0%
                            75.1%        24.9%         0.0%

