┏━━━━━━━━━━━━━━━━━━━━━━┳━━━━━━━━━━┳━━━━━━━━━━┳━━━━━━━━━━┳━━━━━━━━━━┳━━━━━━━━━━━┳━━━━━━━━━━┳━━━━━━━━━━━┳━━━━━━━━━━┳━━━━━━━━━━━┳━━━━━━━━━━┳━━━━━━━━━━━┳━━━━━━━━━━┓
┃                      ┃ Hold     ┃ Reg to   ┃          ┃          ┃ of which  ┃ Setup    ┃           ┃          ┃           ┃ of which ┃           ┃          ┃
┃                      ┃ Worst    ┃ Reg      ┃          ┃ Hold Vio ┃ reg to    ┃ Worst    ┃ Reg to    ┃ Setup    ┃ Setup Vio ┃ reg to   ┃ Max Cap   ┃ Max Slew ┃
┃ Corner/Group         ┃ Slack    ┃ Paths    ┃ Hold TNS ┃ Count    ┃ reg       ┃ Slack    ┃ Reg Paths ┃ TNS      ┃ Count     ┃ reg      ┃ Violatio… ┃ Violati… ┃
┡━━━━━━━━━━━━━━━━━━━━━━╇━━━━━━━━━━╇━━━━━━━━━━╇━━━━━━━━━━╇━━━━━━━━━━╇━━━━━━━━━━━╇━━━━━━━━━━╇━━━━━━━━━━━╇━━━━━━━━━━╇━━━━━━━━━━━╇━━━━━━━━━━╇━━━━━━━━━━━╇━━━━━━━━━━┩
│ Overall              │ 0.1086   │ 0.1086   │ 0.0000   │ 0        │ 0         │ 77.0289  │ 93.9659   │ 0.0000   │ 0         │ 0        │ 0         │ 4        │
│ nom_tt_025C_1v80     │ 0.3152   │ 0.3152   │ 0.0000   │ 0        │ 0         │ 78.5505  │ 96.9788   │ 0.0000   │ 0         │ 0        │ 0         │ 0        │
│ nom_ss_100C_1v60     │ 0.8429   │ 0.8429   │ 0.0000   │ 0        │ 0         │ 77.0574  │ 93.9961   │ 0.0000   │ 0         │ 0        │ 0         │ 4        │
│ nom_ff_n40C_1v95     │ 0.1110   │ 0.1110   │ 0.0000   │ 0        │ 0         │ 79.0202  │ 98.0441   │ 0.0000   │ 0         │ 0        │ 0         │ 0        │
│ min_tt_025C_1v80     │ 0.3100   │ 0.3100   │ 0.0000   │ 0        │ 0         │ 78.5661  │ 97.0037   │ 0.0000   │ 0         │ 0        │ 0         │ 0        │
│ min_ss_100C_1v60     │ 0.8344   │ 0.8344   │ 0.0000   │ 0        │ 0         │ 77.0899  │ 94.0205   │ 0.0000   │ 0         │ 0        │ 0         │ 4        │
│ min_ff_n40C_1v95     │ 0.1086   │ 0.1086   │ 0.0000   │ 0        │ 0         │ 79.0348  │ 98.0597   │ 0.0000   │ 0         │ 0        │ 0         │ 0        │
│ max_tt_025C_1v80     │ 0.3201   │ 0.3201   │ 0.0000   │ 0        │ 0         │ 78.5372  │ 96.9586   │ 0.0000   │ 0         │ 0        │ 0         │ 0        │
│ max_ss_100C_1v60     │ 0.8508   │ 0.8508   │ 0.0000   │ 0        │ 0         │ 77.0289  │ 93.9659   │ 0.0000   │ 0         │ 0        │ 0         │ 4        │
│ max_ff_n40C_1v95     │ 0.1134   │ 0.1134   │ 0.0000   │ 0        │ 0         │ 79.0054  │ 98.0309   │ 0.0000   │ 0         │ 0        │ 0         │ 0        │
└──────────────────────┴──────────┴──────────┴──────────┴──────────┴───────────┴──────────┴───────────┴──────────┴───────────┴──────────┴───────────┴──────────┘
