
===========================================================================
 report_power
============================================================================
======================= nom_ff_n40C_1v95 Corner ===================================

Group                    Internal    Switching      Leakage        Total
                            Power        Power        Power        Power (Watts)
------------------------------------------------------------------------
Sequential           7.949951e-05 7.959744e-07 2.878678e-09 8.029836e-05  54.9%
Combinational        4.248547e-06 5.100524e-06 7.275145e-09 9.356346e-06   6.4%
Clock                2.534400e-05 3.130947e-05 3.012690e-09 5.665648e-05  38.7%
Macro                0.000000e+00 0.000000e+00 0.000000e+00 0.000000e+00   0.0%
Pad                  0.000000e+00 0.000000e+00 0.000000e+00 0.000000e+00   0.0%
------------------------------------------------------------------------
Total                1.090920e-04 3.720597e-05 1.316656e-08 1.463112e-04 100.0%
                            74.6%        25.4%         0.0%

