                                                                       Cells by Function                                                                        
┏━━━━━━━━━━━━━━━━━━━━━━━━━━━━━━━━━━━━━━━━━━━━━━━━━━━━━━━━━━━━━━━━━━━━━━━━━━━━━━━━━━━━━━━━━━━━━━━━━━━━━━━━━━━━━━━━━━━━━━━━━━━━━━━━┳━━━━━━━━━━━━━━━━━━━━━━━━━━━━━┓
┃ Cell Function                                                                                                                  ┃ Count                       ┃
┡━━━━━━━━━━━━━━━━━━━━━━━━━━━━━━━━━━━━━━━━━━━━━━━━━━━━━━━━━━━━━━━━━━━━━━━━━━━━━━━━━━━━━━━━━━━━━━━━━━━━━━━━━━━━━━━━━━━━━━━━━━━━━━━━╇━━━━━━━━━━━━━━━━━━━━━━━━━━━━━┩
│ sky130_ef_sc_hd__decap                                                                                                         │ 524                         │
│ sky130_fd_sc_hd__a211o                                                                                                         │ 5                           │
│ sky130_fd_sc_hd__a21bo                                                                                                         │ 2                           │
│ sky130_fd_sc_hd__a21o                                                                                                          │ 11                          │
│ sky130_fd_sc_hd__a21oi                                                                                                         │ 10                          │
│ sky130_fd_sc_hd__a221o                                                                                                         │ 19                          │
│ sky130_fd_sc_hd__a22o                                                                                                          │ 27                          │
│ sky130_fd_sc_hd__a2bb2o                                                                                                        │ 3                           │
│ sky130_fd_sc_hd__a31o                                                                                                          │ 10                          │
│ sky130_fd_sc_hd__a31oi                                                                                                         │ 1                           │
│ sky130_fd_sc_hd__a32o                                                                                                          │ 2                           │
│ sky130_fd_sc_hd__and2                                                                                                          │ 27                          │
│ sky130_fd_sc_hd__and2b                                                                                                         │ 12                          │
│ sky130_fd_sc_hd__and3                                                                                                          │ 14                          │
│ sky130_fd_sc_hd__and3b                                                                                                         │ 7                           │
│ sky130_fd_sc_hd__and4                                                                                                          │ 2                           │
│ sky130_fd_sc_hd__and4b                                                                                                         │ 2                           │
│ sky130_fd_sc_hd__and4bb                                                                                                        │ 1                           │
│ sky130_fd_sc_hd__buf                                                                                                           │ 28                          │
│ sky130_fd_sc_hd__bufinv                                                                                                        │ 1                           │
│ sky130_fd_sc_hd__clkbuf                                                                                                        │ 55                          │
│ sky130_fd_sc_hd__clkinv                                                                                                        │ 4                           │
│ sky130_fd_sc_hd__clkinvlp                                                                                                      │ 1                           │
│ sky130_fd_sc_hd__decap                                                                                                         │ 553                         │
│ sky130_fd_sc_hd__dfrtp                                                                                                         │ 150                         │
│ sky130_fd_sc_hd__dfstp                                                                                                         │ 8                           │
│ sky130_fd_sc_hd__dfxtp                                                                                                         │ 8                           │
│ sky130_fd_sc_hd__dlygate4sd3                                                                                                   │ 111                         │
│ sky130_fd_sc_hd__fill                                                                                                          │ 438                         │
│ sky130_fd_sc_hd__inv                                                                                                           │ 173                         │
│ sky130_fd_sc_hd__mux2                                                                                                          │ 76                          │
│ sky130_fd_sc_hd__mux4                                                                                                          │ 4                           │
│ sky130_fd_sc_hd__nand2                                                                                                         │ 28                          │
│ sky130_fd_sc_hd__nand2b                                                                                                        │ 2                           │
│ sky130_fd_sc_hd__nand3                                                                                                         │ 7                           │
│ sky130_fd_sc_hd__nand4                                                                                                         │ 1                           │
│ sky130_fd_sc_hd__nor2                                                                                                          │ 36                          │
│ sky130_fd_sc_hd__nor3                                                                                                          │ 2                           │
│ sky130_fd_sc_hd__nor3b                                                                                                         │ 3                           │
│ sky130_fd_sc_hd__nor4                                                                                                          │ 1                           │
│ sky130_fd_sc_hd__o211a                                                                                                         │ 3                           │
│ sky130_fd_sc_hd__o211ai                                                                                                        │ 1                           │
│ sky130_fd_sc_hd__o21a                                                                                                          │ 9                           │
│ sky130_fd_sc_hd__o21ai                                                                                                         │ 7                           │
│ sky130_fd_sc_hd__o22a                                                                                                          │ 8                           │
│ sky130_fd_sc_hd__o22ai                                                                                                         │ 2                           │
│ sky130_fd_sc_hd__o2bb2a                                                                                                        │ 3                           │
│ sky130_fd_sc_hd__o31a                                                                                                          │ 5                           │
│ sky130_fd_sc_hd__o32a                                                                                                          │ 1                           │
│ sky130_fd_sc_hd__or2                                                                                                           │ 25                          │
│ sky130_fd_sc_hd__or3                                                                                                           │ 12                          │
│ sky130_fd_sc_hd__or3b                                                                                                          │ 1                           │
│ sky130_fd_sc_hd__or4b                                                                                                          │ 3                           │
│ sky130_fd_sc_hd__tapvpwrvgnd                                                                                                   │ 313                         │
│ sky130_fd_sc_hd__xnor2                                                                                                         │ 16                          │
│ sky130_fd_sc_hd__xor2                                                                                                          │ 19                          │
└────────────────────────────────────────────────────────────────────────────────────────────────────────────────────────────────┴─────────────────────────────┘
