
===========================================================================
report_checks -unconstrained
===========================================================================
======================= min_tt_025C_1v80 Corner ===================================

Startpoint: rst (input port clocked by clk)
Endpoint: _1195_ (recovery check against rising-edge clock clk)
Path Group: asynchronous
Path Type: max

Fanout         Cap        Slew       Delay        Time   Description
---------------------------------------------------------------------------------------------
                                  0.000000    0.000000   clock clk (rise edge)
                                  0.000000    0.000000   clock network delay (propagated)
                                 20.000000   20.000000 v input external delay
     1    0.002748    0.008511    0.004329   20.004330 v rst (in)
                                                         rst (net)
                      0.008511    0.000000   20.004330 v input18/A (sky130_fd_sc_hd__clkbuf_2)
     4    0.034140    0.131386    0.171983   20.176313 v input18/X (sky130_fd_sc_hd__clkbuf_2)
                                                         net18 (net)
                      0.131388    0.000727   20.177040 v fanout53/A (sky130_fd_sc_hd__buf_2)
     5    0.036007    0.093183    0.221428   20.398468 v fanout53/X (sky130_fd_sc_hd__buf_2)
                                                         net53 (net)
                      0.093183    0.000242   20.398708 v fanout52/A (sky130_fd_sc_hd__buf_4)
    10    0.059114    0.083667    0.214852   20.613562 v fanout52/X (sky130_fd_sc_hd__buf_4)
                                                         net52 (net)
                      0.083667    0.000105   20.613667 v fanout51/A (sky130_fd_sc_hd__clkbuf_4)
     9    0.049663    0.107191    0.223437   20.837103 v fanout51/X (sky130_fd_sc_hd__clkbuf_4)
                                                         net51 (net)
                      0.107205    0.001249   20.838352 v fanout50/A (sky130_fd_sc_hd__buf_4)
    10    0.051588    0.078944    0.214893   21.053246 v fanout50/X (sky130_fd_sc_hd__buf_4)
                                                         net50 (net)
                      0.078947    0.000565   21.053810 v _1037_/A (sky130_fd_sc_hd__inv_2)
     1    0.003951    0.033054    0.057037   21.110847 ^ _1037_/Y (sky130_fd_sc_hd__inv_2)
                                                         _0077_ (net)
                      0.033054    0.000028   21.110876 ^ _1195_/RESET_B (sky130_fd_sc_hd__dfrtp_2)
                                             21.110876   data arrival time

                                100.000000  100.000000   clock clk (rise edge)
                                  0.000000  100.000000   clock source latency
     1    0.025379    0.119407    0.083347  100.083344 ^ clk (in)
                                                         clk (net)
                      0.119464    0.000000  100.083344 ^ clkbuf_0_clk/A (sky130_fd_sc_hd__clkbuf_16)
    16    0.105800    0.119639    0.217241  100.300583 ^ clkbuf_0_clk/X (sky130_fd_sc_hd__clkbuf_16)
                                                         clknet_0_clk (net)
                      0.119680    0.002089  100.302673 ^ clkbuf_4_5_0_clk/A (sky130_fd_sc_hd__clkbuf_8)
     8    0.040821    0.083295    0.185302  100.487976 ^ clkbuf_4_5_0_clk/X (sky130_fd_sc_hd__clkbuf_8)
                                                         clknet_4_5_0_clk (net)
                      0.083296    0.000476  100.488449 ^ _1195_/CLK (sky130_fd_sc_hd__dfrtp_2)
                                 -0.250000  100.238457   clock uncertainty
                                  0.000000  100.238457   clock reconvergence pessimism
                                  0.234480  100.472931   library recovery time
                                            100.472931   data required time
---------------------------------------------------------------------------------------------
                                            100.472931   data required time
                                            -21.110876   data arrival time
---------------------------------------------------------------------------------------------
                                             79.362053   slack (MET)


Startpoint: rst (input port clocked by clk)
Endpoint: _1312_ (rising edge-triggered flip-flop clocked by clk)
Path Group: clk
Path Type: max

Fanout         Cap        Slew       Delay        Time   Description
---------------------------------------------------------------------------------------------
                                  0.000000    0.000000   clock clk (rise edge)
                                  0.000000    0.000000   clock network delay (propagated)
                                 20.000000   20.000000 v input external delay
     1    0.002748    0.008511    0.004329   20.004330 v rst (in)
                                                         rst (net)
                      0.008511    0.000000   20.004330 v input18/A (sky130_fd_sc_hd__clkbuf_2)
     4    0.034140    0.131386    0.171983   20.176313 v input18/X (sky130_fd_sc_hd__clkbuf_2)
                                                         net18 (net)
                      0.131406    0.001608   20.177921 v fanout58/A (sky130_fd_sc_hd__clkbuf_4)
     9    0.054359    0.112982    0.251269   20.429190 v fanout58/X (sky130_fd_sc_hd__clkbuf_4)
                                                         net58 (net)
                      0.113004    0.001613   20.430803 v fanout56/A (sky130_fd_sc_hd__buf_4)
    10    0.053400    0.079461    0.219433   20.650236 v fanout56/X (sky130_fd_sc_hd__buf_4)
                                                         net56 (net)
                      0.079461    0.000204   20.650440 v _0979_/A (sky130_fd_sc_hd__or2_2)
     6    0.026977    0.114854    0.383906   21.034346 v _0979_/X (sky130_fd_sc_hd__or2_2)
                                                         _0549_ (net)
                      0.114855    0.000595   21.034941 v _0990_/A (sky130_fd_sc_hd__or3_1)
     1    0.008625    0.097236    0.430678   21.465620 v _0990_/X (sky130_fd_sc_hd__or3_1)
                                                         _0560_ (net)
                      0.097236    0.000307   21.465927 v _0991_/B1 (sky130_fd_sc_hd__o21a_1)
     1    0.002883    0.035308    0.122256   21.588182 v _0991_/X (sky130_fd_sc_hd__o21a_1)
                                                         _0194_ (net)
                      0.035308    0.000034   21.588217 v _1312_/D (sky130_fd_sc_hd__dfxtp_1)
                                             21.588217   data arrival time

                                100.000000  100.000000   clock clk (rise edge)
                                  0.000000  100.000000   clock source latency
     1    0.025379    0.119407    0.083347  100.083344 ^ clk (in)
                                                         clk (net)
                      0.119464    0.000000  100.083344 ^ clkbuf_0_clk/A (sky130_fd_sc_hd__clkbuf_16)
    16    0.105800    0.119639    0.217241  100.300583 ^ clkbuf_0_clk/X (sky130_fd_sc_hd__clkbuf_16)
                                                         clknet_0_clk (net)
                      0.119690    0.002288  100.302872 ^ clkbuf_4_10_0_clk/A (sky130_fd_sc_hd__clkbuf_8)
    14    0.048686    0.095583    0.194262  100.497139 ^ clkbuf_4_10_0_clk/X (sky130_fd_sc_hd__clkbuf_8)
                                                         clknet_4_10_0_clk (net)
                      0.095613    0.001634  100.498772 ^ _1312_/CLK (sky130_fd_sc_hd__dfxtp_1)
                                 -0.250000  100.248772   clock uncertainty
                                  0.000000  100.248772   clock reconvergence pessimism
                                 -0.094462  100.154312   library setup time
                                            100.154312   data required time
---------------------------------------------------------------------------------------------
                                            100.154312   data required time
                                            -21.588217   data arrival time
---------------------------------------------------------------------------------------------
                                             78.566101   slack (MET)




===========================================================================
report_checks --slack_max -0.01
============================================================================
======================= min_tt_025C_1v80 Corner ===================================

No paths found.


===========================================================================
 report_check_types -max_slew -max_cap -max_fanout -violators
============================================================================
======================= min_tt_025C_1v80 Corner ===================================

max fanout

Pin                                   Limit Fanout  Slack
---------------------------------------------------------
clkbuf_0_clk/X                           10     16     -6 (VIOLATED)
clkbuf_4_15_0_clk/X                      10     16     -6 (VIOLATED)
clkbuf_4_11_0_clk/X                      10     15     -5 (VIOLATED)
clkbuf_4_10_0_clk/X                      10     14     -4 (VIOLATED)
clkbuf_4_13_0_clk/X                      10     14     -4 (VIOLATED)
clkbuf_4_8_0_clk/X                       10     14     -4 (VIOLATED)
clkbuf_4_14_0_clk/X                      10     13     -3 (VIOLATED)
clkbuf_4_3_0_clk/X                       10     12     -2 (VIOLATED)
clkbuf_4_2_0_clk/X                       10     11        (VIOLATED)



===========================================================================
report_parasitic_annotation -report_unannotated
============================================================================
Found 15 unannotated drivers.
 clkload0/Y
 clkload1/Y
 clkload10/Y
 clkload11/X
 clkload12/Y
 clkload13/Y
 clkload14/Y
 clkload2/Y
 clkload3/Y
 clkload4/Y
 clkload5/Y
 clkload6/Y
 clkload7/Y
 clkload8/Y
 clkload9/Y
Found 0 partially unannotated drivers.

===========================================================================
max slew violation count 0
max fanout violation count 9
max cap violation count 0
============================================================================

===========================================================================
check_setup -verbose -unconstrained_endpoints -multiple_clock -no_clock -no_input_delay -loops -generated_clocks
===========================================================================
