Clock: clk
Sources: clk 
Generated: no
Virtual: yes
Propagated: no
Period: 100.000000

===========================================================================
report_clock_properties
============================================================================
Clock                   Period          Waveform
----------------------------------------------------
clk                 100.000000    0.000000 50.000000

===========================================================================
report_clock_latency
============================================================================
Clock clk
rise -> rise
    min     max
0.000000 0.000000 source latency
0.483583         network latency _1327_/CLK
        0.499136 network latency _1352_/CLK
---------------
0.483583 0.499136 latency
        0.015553 skew

fall -> fall
    min     max
0.000000 0.000000 source latency
0.413269         network latency _1327_/CLK
        0.424411 network latency _1352_/CLK
---------------
0.413269 0.424411 latency
        0.011141 skew



===========================================================================
report_clock_min_period
============================================================================
clk period_min = 3.00 fmax = 333.74
