
===========================================================================
 report_power
============================================================================
======================= min_tt_025C_1v80 Corner ===================================

Group                    Internal    Switching      Leakage        Total
                            Power        Power        Power        Power (Watts)
------------------------------------------------------------------------
Sequential           6.837438e-05 6.339710e-07 2.142389e-09 6.901049e-05  55.4%
Combinational        3.654770e-06 4.208509e-06 3.447523e-09 7.866728e-06   6.3%
Clock                2.218830e-05 2.541422e-05 1.997240e-09 4.760451e-05  38.2%
Macro                0.000000e+00 0.000000e+00 0.000000e+00 0.000000e+00   0.0%
Pad                  0.000000e+00 0.000000e+00 0.000000e+00 0.000000e+00   0.0%
------------------------------------------------------------------------
Total                9.421747e-05 3.025670e-05 7.587143e-09 1.244818e-04 100.0%
                            75.7%        24.3%         0.0%

