
===========================================================================
report_checks -unconstrained
===========================================================================
======================= nom_tt_025C_1v80 Corner ===================================

Startpoint: rst (input port clocked by clk)
Endpoint: _1195_ (recovery check against rising-edge clock clk)
Path Group: asynchronous
Path Type: max

Fanout         Cap        Slew       Delay        Time   Description
---------------------------------------------------------------------------------------------
                                  0.000000    0.000000   clock clk (rise edge)
                                  0.000000    0.000000   clock network delay (propagated)
                                 20.000000   20.000000 v input external delay
     1    0.004102    0.011651    0.006645   20.006645 v rst (in)
                                                         rst (net)
                      0.011652    0.000000   20.006645 v input18/A (sky130_fd_sc_hd__clkbuf_2)
     4    0.024125    0.096691    0.145711   20.152357 v input18/X (sky130_fd_sc_hd__clkbuf_2)
                                                         net18 (net)
                      0.096696    0.000759   20.153116 v fanout53/A (sky130_fd_sc_hd__buf_2)
     5    0.029836    0.080088    0.194168   20.347284 v fanout53/X (sky130_fd_sc_hd__buf_2)
                                                         net53 (net)
                      0.080088    0.000380   20.347664 v fanout52/A (sky130_fd_sc_hd__buf_4)
    10    0.055097    0.079750    0.204757   20.552422 v fanout52/X (sky130_fd_sc_hd__buf_4)
                                                         net52 (net)
                      0.079753    0.000769   20.553190 v fanout51/A (sky130_fd_sc_hd__clkbuf_4)
     9    0.047273    0.103173    0.217437   20.770626 v fanout51/X (sky130_fd_sc_hd__clkbuf_4)
                                                         net51 (net)
                      0.103212    0.001858   20.772484 v fanout50/A (sky130_fd_sc_hd__buf_4)
    10    0.051079    0.078562    0.212179   20.984663 v fanout50/X (sky130_fd_sc_hd__buf_4)
                                                         net50 (net)
                      0.078572    0.000879   20.985542 v _1037_/A (sky130_fd_sc_hd__inv_2)
     1    0.004731    0.035755    0.059977   21.045519 ^ _1037_/Y (sky130_fd_sc_hd__inv_2)
                                                         _0077_ (net)
                      0.035755    0.000092   21.045612 ^ _1195_/RESET_B (sky130_fd_sc_hd__dfrtp_2)
                                             21.045612   data arrival time

                                100.000000  100.000000   clock clk (rise edge)
                                  0.000000  100.000000   clock source latency
     1    0.020679    0.098480    0.068724  100.068718 ^ clk (in)
                                                         clk (net)
                      0.098548    0.000000  100.068718 ^ clkbuf_0_clk/A (sky130_fd_sc_hd__clkbuf_16)
    16    0.095408    0.111923    0.200565  100.269287 ^ clkbuf_0_clk/X (sky130_fd_sc_hd__clkbuf_16)
                                                         clknet_0_clk (net)
                      0.112168    0.003787  100.273071 ^ clkbuf_4_5_0_clk/A (sky130_fd_sc_hd__clkbuf_8)
     8    0.039006    0.080331    0.180130  100.453201 ^ clkbuf_4_5_0_clk/X (sky130_fd_sc_hd__clkbuf_8)
                                                         clknet_4_5_0_clk (net)
                      0.080337    0.000782  100.453987 ^ _1195_/CLK (sky130_fd_sc_hd__dfrtp_2)
                                 -0.250000  100.203987   clock uncertainty
                                  0.000000  100.203987   clock reconvergence pessimism
                                  0.232772  100.436760   library recovery time
                                            100.436760   data required time
---------------------------------------------------------------------------------------------
                                            100.436760   data required time
                                            -21.045612   data arrival time
---------------------------------------------------------------------------------------------
                                             79.391144   slack (MET)


Startpoint: rst (input port clocked by clk)
Endpoint: _1312_ (rising edge-triggered flip-flop clocked by clk)
Path Group: clk
Path Type: max

Fanout         Cap        Slew       Delay        Time   Description
---------------------------------------------------------------------------------------------
                                  0.000000    0.000000   clock clk (rise edge)
                                  0.000000    0.000000   clock network delay (propagated)
                                 20.000000   20.000000 v input external delay
     1    0.004102    0.011651    0.006645   20.006645 v rst (in)
                                                         rst (net)
                      0.011652    0.000000   20.006645 v input18/A (sky130_fd_sc_hd__clkbuf_2)
     4    0.024125    0.096691    0.145711   20.152357 v input18/X (sky130_fd_sc_hd__clkbuf_2)
                                                         net18 (net)
                      0.096723    0.001661   20.154018 v fanout58/A (sky130_fd_sc_hd__clkbuf_4)
     9    0.047681    0.103594    0.225160   20.379177 v fanout58/X (sky130_fd_sc_hd__clkbuf_4)
                                                         net58 (net)
                      0.103658    0.002357   20.381535 v fanout56/A (sky130_fd_sc_hd__buf_4)
    10    0.052306    0.080206    0.213388   20.594923 v fanout56/X (sky130_fd_sc_hd__buf_4)
                                                         net56 (net)
                      0.080222    0.001098   20.596022 v _0979_/A (sky130_fd_sc_hd__or2_2)
     6    0.021853    0.102310    0.369798   20.965820 v _0979_/X (sky130_fd_sc_hd__or2_2)
                                                         _0549_ (net)
                      0.102314    0.000806   20.966627 v _0990_/A (sky130_fd_sc_hd__or3_1)
     1    0.007540    0.091970    0.418146   21.384771 v _0990_/X (sky130_fd_sc_hd__or3_1)
                                                         _0560_ (net)
                      0.091971    0.000396   21.385168 v _0991_/B1 (sky130_fd_sc_hd__o21a_1)
     1    0.002719    0.034455    0.118851   21.504019 v _0991_/X (sky130_fd_sc_hd__o21a_1)
                                                         _0194_ (net)
                      0.034455    0.000064   21.504082 v _1312_/D (sky130_fd_sc_hd__dfxtp_1)
                                             21.504082   data arrival time

                                100.000000  100.000000   clock clk (rise edge)
                                  0.000000  100.000000   clock source latency
     1    0.020679    0.098480    0.068724  100.068718 ^ clk (in)
                                                         clk (net)
                      0.098548    0.000000  100.068718 ^ clkbuf_0_clk/A (sky130_fd_sc_hd__clkbuf_16)
    16    0.095408    0.111923    0.200565  100.269287 ^ clkbuf_0_clk/X (sky130_fd_sc_hd__clkbuf_16)
                                                         clknet_0_clk (net)
                      0.112212    0.004185  100.273468 ^ clkbuf_4_10_0_clk/A (sky130_fd_sc_hd__clkbuf_8)
    14    0.044179    0.088458    0.186105  100.459579 ^ clkbuf_4_10_0_clk/X (sky130_fd_sc_hd__clkbuf_8)
                                                         clknet_4_10_0_clk (net)
                      0.088477    0.001286  100.460861 ^ _1312_/CLK (sky130_fd_sc_hd__dfxtp_1)
                                 -0.250000  100.210861   clock uncertainty
                                  0.000000  100.210861   clock reconvergence pessimism
                                 -0.095753  100.115112   library setup time
                                            100.115112   data required time
---------------------------------------------------------------------------------------------
                                            100.115112   data required time
                                            -21.504082   data arrival time
---------------------------------------------------------------------------------------------
                                             78.611023   slack (MET)




===========================================================================
report_checks --slack_max -0.01
============================================================================
======================= nom_tt_025C_1v80 Corner ===================================

No paths found.


===========================================================================
 report_check_types -max_slew -max_cap -max_fanout -violators
============================================================================
======================= nom_tt_025C_1v80 Corner ===================================

max fanout

Pin                                   Limit Fanout  Slack
---------------------------------------------------------
clkbuf_0_clk/X                           10     16     -6 (VIOLATED)
clkbuf_4_15_0_clk/X                      10     16     -6 (VIOLATED)
clkbuf_4_11_0_clk/X                      10     15     -5 (VIOLATED)
clkbuf_4_10_0_clk/X                      10     14     -4 (VIOLATED)
clkbuf_4_13_0_clk/X                      10     14     -4 (VIOLATED)
clkbuf_4_8_0_clk/X                       10     14     -4 (VIOLATED)
clkbuf_4_14_0_clk/X                      10     13     -3 (VIOLATED)
clkbuf_4_3_0_clk/X                       10     12     -2 (VIOLATED)
clkbuf_4_2_0_clk/X                       10     11        (VIOLATED)



===========================================================================
report_parasitic_annotation -report_unannotated
============================================================================
Found 15 unannotated drivers.
 clkload0/Y
 clkload1/Y
 clkload10/Y
 clkload11/X
 clkload12/Y
 clkload13/Y
 clkload14/Y
 clkload2/Y
 clkload3/Y
 clkload4/Y
 clkload5/Y
 clkload6/Y
 clkload7/Y
 clkload8/Y
 clkload9/Y
Found 0 partially unannotated drivers.

===========================================================================
max slew violation count 0
Writing metric design__max_slew_violation__count__corner:nom_tt_025C_1v80: 0
max fanout violation count 9
Writing metric design__max_fanout_violation__count__corner:nom_tt_025C_1v80: 9
max cap violation count 0
Writing metric design__max_cap_violation__count__corner:nom_tt_025C_1v80: 0
============================================================================

===========================================================================
check_setup -verbose -unconstrained_endpoints -multiple_clock -no_clock -no_input_delay -loops -generated_clocks
===========================================================================
