Clock: clk
Sources: clk 
Generated: no
Virtual: yes
Propagated: no
Period: 100.000000

===========================================================================
report_clock_properties
============================================================================
Clock                   Period          Waveform
----------------------------------------------------
clk                 100.000000    0.000000 50.000000

===========================================================================
report_clock_latency
============================================================================
Clock clk
rise -> rise
    min     max
0.000000 0.000000 source latency
0.451384         network latency _1327_/CLK
        0.464355 network latency _1344_/CLK
---------------
0.451384 0.464355 latency
        0.012972 skew

fall -> fall
    min     max
0.000000 0.000000 source latency
0.393563         network latency _1327_/CLK
        0.403119 network latency _1344_/CLK
---------------
0.393563 0.403119 latency
        0.009557 skew



===========================================================================
report_clock_min_period
============================================================================
clk period_min = 3.00 fmax = 333.37
