
===========================================================================
 report_power
============================================================================
======================= nom_tt_025C_1v80 Corner ===================================

Group                    Internal    Switching      Leakage        Total
                            Power        Power        Power        Power (Watts)
------------------------------------------------------------------------
Sequential           6.837003e-05 6.178245e-07 2.142389e-09 6.898999e-05  55.9%
Combinational        3.658832e-06 4.229598e-06 3.447523e-09 7.891878e-06   6.4%
Clock                2.218202e-05 2.428820e-05 5.618905e-10 4.647078e-05  37.7%
Macro                0.000000e+00 0.000000e+00 0.000000e+00 0.000000e+00   0.0%
Pad                  0.000000e+00 0.000000e+00 0.000000e+00 0.000000e+00   0.0%
------------------------------------------------------------------------
Total                9.421090e-05 2.913562e-05 6.151821e-09 1.233527e-04 100.0%
                            76.4%        23.6%         0.0%
Writing metric power__internal__total: 9.42108963499777e-5
Writing metric power__switching__total: 2.9135620934539475e-5
Writing metric power__leakage__total: 6.151820830524457e-9
Writing metric power__total: 0.00012335267092566937

