
===========================================================================
 report_power
============================================================================
======================= max_ff_n40C_1v95 Corner ===================================

Group                    Internal    Switching      Leakage        Total
                            Power        Power        Power        Power (Watts)
------------------------------------------------------------------------
Sequential           7.948224e-05 8.164125e-07 2.878678e-09 8.030154e-05  54.5%
Combinational        4.259397e-06 5.222559e-06 7.275145e-09 9.489231e-06   6.4%
Clock                2.535391e-05 3.226611e-05 3.012690e-09 5.762303e-05  39.1%
Macro                0.000000e+00 0.000000e+00 0.000000e+00 0.000000e+00   0.0%
Pad                  0.000000e+00 0.000000e+00 0.000000e+00 0.000000e+00   0.0%
------------------------------------------------------------------------
Total                1.090956e-04 3.830508e-05 1.316656e-08 1.474138e-04 100.0%
                            74.0%        26.0%         0.0%

