Clock: clk
Sources: clk 
Generated: no
Virtual: yes
Propagated: no
Period: 100.000000

===========================================================================
report_clock_properties
============================================================================
Clock                   Period          Waveform
----------------------------------------------------
clk                 100.000000    0.000000 50.000000

===========================================================================
report_clock_latency
============================================================================
Clock clk
rise -> rise
    min     max
0.000000 0.000000 source latency
1.272148         network latency _1226_/CLK
        1.281838 network latency _1290_/CLK
---------------
1.272148 1.281838 latency
        0.009690 skew

fall -> fall
    min     max
0.000000 0.000000 source latency
0.629125         network latency _1226_/CLK
        0.638199 network latency _1290_/CLK
---------------
0.629125 0.638199 latency
        0.009074 skew



===========================================================================
report_clock_min_period
============================================================================
clk period_min = 3.19 fmax = 313.36
