
===========================================================================
 report_power
============================================================================
======================= nom_tt_025C_1v80 Corner ===================================

Group                    Internal    Switching      Leakage        Total
                            Power        Power        Power        Power (Watts)
------------------------------------------------------------------------
Sequential           7.072570e-05 9.574374e-07 1.947854e-09 7.168508e-05  92.2%
Combinational        4.196809e-06 1.862341e-06 2.575703e-09 6.061726e-06   7.8%
Clock                0.000000e+00 0.000000e+00 3.564044e-10 3.564044e-10   0.0%
Macro                0.000000e+00 0.000000e+00 0.000000e+00 0.000000e+00   0.0%
Pad                  0.000000e+00 0.000000e+00 0.000000e+00 0.000000e+00   0.0%
------------------------------------------------------------------------
Total                7.492253e-05 2.819778e-06 4.879975e-09 7.774719e-05 100.0%
                            96.4%         3.6%         0.0%
Writing metric power__internal__total: 7.492252916563302e-5
Writing metric power__switching__total: 2.819778046614374e-6
Writing metric power__leakage__total: 4.879974646598839e-9
Writing metric power__total: 7.774718687869608e-5

