
===========================================================================
report_checks -unconstrained
===========================================================================
======================= max_tt_025C_1v80 Corner ===================================

Startpoint: rst (input port clocked by clk)
Endpoint: _1195_ (recovery check against rising-edge clock clk)
Path Group: asynchronous
Path Type: max

Fanout         Cap        Slew       Delay        Time   Description
---------------------------------------------------------------------------------------------
                                  0.000000    0.000000   clock clk (rise edge)
                                  0.000000    0.000000   clock network delay (propagated)
                                 20.000000   20.000000 v input external delay
     1    0.002847    0.008724    0.004555   20.004555 v rst (in)
                                                         rst (net)
                      0.008730    0.000000   20.004555 v input18/A (sky130_fd_sc_hd__clkbuf_2)
     4    0.038823    0.148011    0.182750   20.187305 v input18/X (sky130_fd_sc_hd__clkbuf_2)
                                                         net18 (net)
                      0.148066    0.002402   20.189707 v fanout53/A (sky130_fd_sc_hd__buf_2)
     5    0.040350    0.100420    0.234582   20.424288 v fanout53/X (sky130_fd_sc_hd__buf_2)
                                                         net53 (net)
                      0.100450    0.001769   20.426058 v fanout52/A (sky130_fd_sc_hd__buf_4)
    10    0.062884    0.088473    0.218483   20.644541 v fanout52/X (sky130_fd_sc_hd__buf_4)
                                                         net52 (net)
                      0.088509    0.001510   20.646051 v fanout51/A (sky130_fd_sc_hd__clkbuf_4)
     9    0.052395    0.109748    0.227944   20.873995 v fanout51/X (sky130_fd_sc_hd__clkbuf_4)
                                                         net51 (net)
                      0.110064    0.004377   20.878372 v fanout50/A (sky130_fd_sc_hd__buf_4)
    10    0.053478    0.079914    0.216591   21.094963 v fanout50/X (sky130_fd_sc_hd__buf_4)
                                                         net50 (net)
                      0.080068    0.003073   21.098036 v _1037_/A (sky130_fd_sc_hd__inv_2)
     1    0.004047    0.033644    0.057790   21.155827 ^ _1037_/Y (sky130_fd_sc_hd__inv_2)
                                                         _0077_ (net)
                      0.033644    0.000213   21.156040 ^ _1195_/RESET_B (sky130_fd_sc_hd__dfrtp_2)
                                             21.156040   data arrival time

                                100.000000  100.000000   clock clk (rise edge)
                                  0.000000  100.000000   clock source latency
     1    0.028122    0.131535    0.093117  100.093117 ^ clk (in)
                                                         clk (net)
                      0.131767    0.000000  100.093117 ^ clkbuf_0_clk/A (sky130_fd_sc_hd__clkbuf_16)
    16    0.113526    0.127320    0.222990  100.316101 ^ clkbuf_0_clk/X (sky130_fd_sc_hd__clkbuf_16)
                                                         clknet_0_clk (net)
                      0.128013    0.007510  100.323616 ^ clkbuf_4_5_0_clk/A (sky130_fd_sc_hd__clkbuf_8)
     8    0.043003    0.086686    0.189722  100.513336 ^ clkbuf_4_5_0_clk/X (sky130_fd_sc_hd__clkbuf_8)
                                                         clknet_4_5_0_clk (net)
                      0.086745    0.002110  100.515450 ^ _1195_/CLK (sky130_fd_sc_hd__dfrtp_2)
                                 -0.250000  100.265450   clock uncertainty
                                  0.000000  100.265450   clock reconvergence pessimism
                                  0.235362  100.500809   library recovery time
                                            100.500809   data required time
---------------------------------------------------------------------------------------------
                                            100.500809   data required time
                                            -21.156040   data arrival time
---------------------------------------------------------------------------------------------
                                             79.344765   slack (MET)


Startpoint: rst (input port clocked by clk)
Endpoint: _1312_ (rising edge-triggered flip-flop clocked by clk)
Path Group: clk
Path Type: max

Fanout         Cap        Slew       Delay        Time   Description
---------------------------------------------------------------------------------------------
                                  0.000000    0.000000   clock clk (rise edge)
                                  0.000000    0.000000   clock network delay (propagated)
                                 20.000000   20.000000 v input external delay
     1    0.002847    0.008724    0.004555   20.004555 v rst (in)
                                                         rst (net)
                      0.008730    0.000000   20.004555 v input18/A (sky130_fd_sc_hd__clkbuf_2)
     4    0.038823    0.148011    0.182750   20.187305 v input18/X (sky130_fd_sc_hd__clkbuf_2)
                                                         net18 (net)
                      0.148233    0.004764   20.192068 v fanout58/A (sky130_fd_sc_hd__clkbuf_4)
     9    0.059028    0.121966    0.261908   20.453978 v fanout58/X (sky130_fd_sc_hd__clkbuf_4)
                                                         net58 (net)
                      0.122513    0.006674   20.460651 v fanout56/A (sky130_fd_sc_hd__buf_4)
    10    0.056520    0.081372    0.225182   20.685833 v fanout56/X (sky130_fd_sc_hd__buf_4)
                                                         net56 (net)
                      0.081398    0.001497   20.687330 v _0979_/A (sky130_fd_sc_hd__or2_2)
     6    0.030015    0.123997    0.391211   21.078541 v _0979_/X (sky130_fd_sc_hd__or2_2)
                                                         _0549_ (net)
                      0.124123    0.003531   21.082071 v _0990_/A (sky130_fd_sc_hd__or3_1)
     1    0.009858    0.102895    0.441325   21.523397 v _0990_/X (sky130_fd_sc_hd__or3_1)
                                                         _0560_ (net)
                      0.102905    0.000993   21.524389 v _0991_/B1 (sky130_fd_sc_hd__o21a_1)
     1    0.003122    0.036574    0.126194   21.650583 v _0991_/X (sky130_fd_sc_hd__o21a_1)
                                                         _0194_ (net)
                      0.036574    0.000220   21.650805 v _1312_/D (sky130_fd_sc_hd__dfxtp_1)
                                             21.650805   data arrival time

                                100.000000  100.000000   clock clk (rise edge)
                                  0.000000  100.000000   clock source latency
     1    0.028122    0.131535    0.093117  100.093117 ^ clk (in)
                                                         clk (net)
                      0.131767    0.000000  100.093117 ^ clkbuf_0_clk/A (sky130_fd_sc_hd__clkbuf_16)
    16    0.113526    0.127320    0.222990  100.316101 ^ clkbuf_0_clk/X (sky130_fd_sc_hd__clkbuf_16)
                                                         clknet_0_clk (net)
                      0.128246    0.008654  100.324760 ^ clkbuf_4_10_0_clk/A (sky130_fd_sc_hd__clkbuf_8)
    14    0.053128    0.103362    0.199698  100.524452 ^ clkbuf_4_10_0_clk/X (sky130_fd_sc_hd__clkbuf_8)
                                                         clknet_4_10_0_clk (net)
                      0.104015    0.006594  100.531052 ^ _1312_/CLK (sky130_fd_sc_hd__dfxtp_1)
                                 -0.250000  100.281052   clock uncertainty
                                  0.000000  100.281052   clock reconvergence pessimism
                                 -0.093054  100.187996   library setup time
                                            100.187996   data required time
---------------------------------------------------------------------------------------------
                                            100.187996   data required time
                                            -21.650805   data arrival time
---------------------------------------------------------------------------------------------
                                             78.537193   slack (MET)




===========================================================================
report_checks --slack_max -0.01
============================================================================
======================= max_tt_025C_1v80 Corner ===================================

No paths found.


===========================================================================
 report_check_types -max_slew -max_cap -max_fanout -violators
============================================================================
======================= max_tt_025C_1v80 Corner ===================================

max fanout

Pin                                   Limit Fanout  Slack
---------------------------------------------------------
clkbuf_0_clk/X                           10     16     -6 (VIOLATED)
clkbuf_4_15_0_clk/X                      10     16     -6 (VIOLATED)
clkbuf_4_11_0_clk/X                      10     15     -5 (VIOLATED)
clkbuf_4_10_0_clk/X                      10     14     -4 (VIOLATED)
clkbuf_4_13_0_clk/X                      10     14     -4 (VIOLATED)
clkbuf_4_8_0_clk/X                       10     14     -4 (VIOLATED)
clkbuf_4_14_0_clk/X                      10     13     -3 (VIOLATED)
clkbuf_4_3_0_clk/X                       10     12     -2 (VIOLATED)
clkbuf_4_2_0_clk/X                       10     11        (VIOLATED)



===========================================================================
report_parasitic_annotation -report_unannotated
============================================================================
Found 15 unannotated drivers.
 clkload0/Y
 clkload1/Y
 clkload10/Y
 clkload11/X
 clkload12/Y
 clkload13/Y
 clkload14/Y
 clkload2/Y
 clkload3/Y
 clkload4/Y
 clkload5/Y
 clkload6/Y
 clkload7/Y
 clkload8/Y
 clkload9/Y
Found 0 partially unannotated drivers.

===========================================================================
max slew violation count 0
max fanout violation count 9
max cap violation count 0
============================================================================

===========================================================================
check_setup -verbose -unconstrained_endpoints -multiple_clock -no_clock -no_input_delay -loops -generated_clocks
===========================================================================
