Clock: clk
Sources: clk 
Generated: no
Virtual: yes
Propagated: no
Period: 100.000000

===========================================================================
report_clock_properties
============================================================================
Clock                   Period          Waveform
----------------------------------------------------
clk                 100.000000    0.000000 50.000000

===========================================================================
report_clock_latency
============================================================================
Clock clk
rise -> rise
    min     max
0.000000 0.000000 source latency
0.510194         network latency _1327_/CLK
        0.531822 network latency _1352_/CLK
---------------
0.510194 0.531822 latency
        0.021627 skew

fall -> fall
    min     max
0.000000 0.000000 source latency
0.431168         network latency _1327_/CLK
        0.447038 network latency _1352_/CLK
---------------
0.431168 0.447038 latency
        0.015870 skew



===========================================================================
report_clock_min_period
============================================================================
clk period_min = 3.04 fmax = 328.80
