
===========================================================================
 report_power
============================================================================
======================= max_tt_025C_1v80 Corner ===================================

Group                    Internal    Switching      Leakage        Total
                            Power        Power        Power        Power (Watts)
------------------------------------------------------------------------
Sequential           6.838196e-05 6.783962e-07 2.142389e-09 6.906249e-05  54.6%
Combinational        3.656296e-06 4.429547e-06 3.447523e-09 8.089291e-06   6.4%
Clock                2.220101e-05 2.702351e-05 1.997240e-09 4.922652e-05  39.0%
Macro                0.000000e+00 0.000000e+00 0.000000e+00 0.000000e+00   0.0%
Pad                  0.000000e+00 0.000000e+00 0.000000e+00 0.000000e+00   0.0%
------------------------------------------------------------------------
Total                9.423929e-05 3.213146e-05 7.587143e-09 1.263783e-04 100.0%
                            74.6%        25.4%         0.0%

