
===========================================================================
 report_power
============================================================================
======================= nom_ss_100C_1v60 Corner ===================================

Group                    Internal    Switching      Leakage        Total
                            Power        Power        Power        Power (Watts)
------------------------------------------------------------------------
Sequential           5.254359e-05 6.916890e-07 3.132494e-06 5.636777e-05  89.6%
Combinational        2.204224e-06 1.298447e-06 3.073973e-06 6.576644e-06  10.4%
Clock                0.000000e+00 0.000000e+00 0.000000e+00 0.000000e+00   0.0%
Macro                0.000000e+00 0.000000e+00 0.000000e+00 0.000000e+00   0.0%
Pad                  0.000000e+00 0.000000e+00 0.000000e+00 0.000000e+00   0.0%
------------------------------------------------------------------------
Total                5.474782e-05 1.990136e-06 6.206456e-06 6.294440e-05 100.0%
                            87.0%         3.2%         9.9%

