Clock: clk
Sources: clk 
Generated: no
Virtual: yes
Propagated: no
Period: 100.000000

===========================================================================
report_clock_properties
============================================================================
Clock                   Period          Waveform
----------------------------------------------------
clk                 100.000000    0.000000 50.000000

===========================================================================
report_clock_latency
============================================================================
Clock clk
rise -> rise
    min     max
0.000000 0.000000 source latency
0.335381         network latency _1327_/CLK
        0.347482 network latency _1352_/CLK
---------------
0.335381 0.347482 latency
        0.012101 skew

fall -> fall
    min     max
0.000000 0.000000 source latency
0.283165         network latency _1327_/CLK
        0.291564 network latency _1352_/CLK
---------------
0.283165 0.291564 latency
        0.008399 skew



===========================================================================
report_clock_min_period
============================================================================
clk period_min = 1.94 fmax = 515.39
