
===========================================================================
 report_power
============================================================================
======================= min_ff_n40C_1v95 Corner ===================================

Group                    Internal    Switching      Leakage        Total
                            Power        Power        Power        Power (Watts)
------------------------------------------------------------------------
Sequential           7.950758e-05 7.642745e-07 2.878678e-09 8.027473e-05  55.3%
Combinational        4.239838e-06 4.963149e-06 7.275145e-09 9.210263e-06   6.3%
Clock                2.533398e-05 3.037743e-05 3.012690e-09 5.571442e-05  38.4%
Macro                0.000000e+00 0.000000e+00 0.000000e+00 0.000000e+00   0.0%
Pad                  0.000000e+00 0.000000e+00 0.000000e+00 0.000000e+00   0.0%
------------------------------------------------------------------------
Total                1.090814e-04 3.610485e-05 1.316656e-08 1.451994e-04 100.0%
                            75.1%        24.9%         0.0%

