
===========================================================================
 report_power
============================================================================
======================= nom_ss_100C_1v60 Corner ===================================

Group                    Internal    Switching      Leakage        Total
                            Power        Power        Power        Power (Watts)
------------------------------------------------------------------------
Sequential           5.241760e-05 5.110932e-07 3.045030e-06 5.597372e-05  53.4%
Combinational        2.928150e-06 3.323111e-06 3.853592e-06 1.010485e-05   9.6%
Clock                1.820649e-05 2.022686e-05 3.136697e-07 3.874702e-05  37.0%
Macro                0.000000e+00 0.000000e+00 0.000000e+00 0.000000e+00   0.0%
Pad                  0.000000e+00 0.000000e+00 0.000000e+00 0.000000e+00   0.0%
------------------------------------------------------------------------
Total                7.355226e-05 2.406107e-05 7.212254e-06 1.048256e-04 100.0%
                            70.2%        23.0%         6.9%

