
===========================================================================
report_checks -unconstrained
===========================================================================
======================= nom_tt_025C_1v80 Corner ===================================

Startpoint: rst (input port clocked by clk)
Endpoint: _1195_ (recovery check against rising-edge clock clk)
Path Group: asynchronous
Path Type: max

Fanout         Cap        Slew       Delay        Time   Description
---------------------------------------------------------------------------------------------
                                  0.000000    0.000000   clock clk (rise edge)
                                  0.000000    0.000000   clock network delay (propagated)
                                 20.000000   20.000000 v input external delay
     1    0.002747    0.008509    0.004324   20.004324 v rst (in)
                                                         rst (net)
                      0.008509    0.000000   20.004324 v input18/A (sky130_fd_sc_hd__clkbuf_2)
     4    0.022789    0.091749    0.141275   20.145599 v input18/X (sky130_fd_sc_hd__clkbuf_2)
                                                         net18 (net)
                      0.091749    0.000179   20.145779 v fanout53/A (sky130_fd_sc_hd__buf_2)
     5    0.028231    0.076627    0.189804   20.335583 v fanout53/X (sky130_fd_sc_hd__buf_2)
                                                         net53 (net)
                      0.076627    0.000037   20.335621 v fanout52/A (sky130_fd_sc_hd__buf_4)
    10    0.051898    0.079357    0.201265   20.536884 v fanout52/X (sky130_fd_sc_hd__buf_4)
                                                         net52 (net)
                      0.079357    0.000002   20.536886 v fanout51/A (sky130_fd_sc_hd__clkbuf_4)
     9    0.044699    0.098033    0.214293   20.751179 v fanout51/X (sky130_fd_sc_hd__clkbuf_4)
                                                         net51 (net)
                      0.098033    0.000361   20.751539 v fanout50/A (sky130_fd_sc_hd__buf_4)
    10    0.048128    0.074659    0.207292   20.958832 v fanout50/X (sky130_fd_sc_hd__buf_4)
                                                         net50 (net)
                      0.074659    0.000066   20.958897 v _1037_/A (sky130_fd_sc_hd__inv_2)
     1    0.003834    0.032812    0.055007   21.013905 ^ _1037_/Y (sky130_fd_sc_hd__inv_2)
                                                         _0077_ (net)
                      0.032812    0.000005   21.013910 ^ _1195_/RESET_B (sky130_fd_sc_hd__dfrtp_2)
                                             21.013910   data arrival time

                                100.000000  100.000000   clock clk (rise edge)
                                  0.000000  100.000000   clock source latency
     1    0.019228    0.092285    0.063494  100.063492 ^ clk (in)
                                                         clk (net)
                      0.092295    0.000000  100.063492 ^ clkbuf_0_clk/A (sky130_fd_sc_hd__clkbuf_16)
    16    0.089339    0.105666    0.195833  100.259323 ^ clkbuf_0_clk/X (sky130_fd_sc_hd__clkbuf_16)
                                                         clknet_0_clk (net)
                      0.105670    0.000817  100.260139 ^ clkbuf_4_5_0_clk/A (sky130_fd_sc_hd__clkbuf_8)
     8    0.037241    0.077614    0.175930  100.436073 ^ clkbuf_4_5_0_clk/X (sky130_fd_sc_hd__clkbuf_8)
                                                         clknet_4_5_0_clk (net)
                      0.077614    0.000149  100.436218 ^ _1195_/CLK (sky130_fd_sc_hd__dfrtp_2)
                                 -0.250000  100.186226   clock uncertainty
                                  0.000000  100.186226   clock reconvergence pessimism
                                  0.232811  100.419029   library recovery time
                                            100.419029   data required time
---------------------------------------------------------------------------------------------
                                            100.419029   data required time
                                            -21.013910   data arrival time
---------------------------------------------------------------------------------------------
                                             79.405121   slack (MET)


Startpoint: rst (input port clocked by clk)
Endpoint: _1312_ (rising edge-triggered flip-flop clocked by clk)
Path Group: clk
Path Type: max

Fanout         Cap        Slew       Delay        Time   Description
---------------------------------------------------------------------------------------------
                                  0.000000    0.000000   clock clk (rise edge)
                                  0.000000    0.000000   clock network delay (propagated)
                                 20.000000   20.000000 v input external delay
     1    0.002747    0.008509    0.004324   20.004324 v rst (in)
                                                         rst (net)
                      0.008509    0.000000   20.004324 v input18/A (sky130_fd_sc_hd__clkbuf_2)
     4    0.022789    0.091749    0.141275   20.145599 v input18/X (sky130_fd_sc_hd__clkbuf_2)
                                                         net18 (net)
                      0.091753    0.000687   20.146288 v fanout58/A (sky130_fd_sc_hd__clkbuf_4)
     9    0.044625    0.097919    0.219679   20.365965 v fanout58/X (sky130_fd_sc_hd__clkbuf_4)
                                                         net58 (net)
                      0.097921    0.000520   20.366486 v fanout56/A (sky130_fd_sc_hd__buf_4)
    10    0.047335    0.073730    0.206381   20.572866 v fanout56/X (sky130_fd_sc_hd__buf_4)
                                                         net56 (net)
                      0.073730    0.000028   20.572895 v _0979_/A (sky130_fd_sc_hd__or2_2)
     6    0.018676    0.094788    0.358796   20.931690 v _0979_/X (sky130_fd_sc_hd__or2_2)
                                                         _0549_ (net)
                      0.094788    0.000208   20.931898 v _0990_/A (sky130_fd_sc_hd__or3_1)
     1    0.006628    0.086236    0.408789   21.340689 v _0990_/X (sky130_fd_sc_hd__or3_1)
                                                         _0560_ (net)
                      0.086236    0.000091   21.340778 v _0991_/B1 (sky130_fd_sc_hd__o21a_1)
     1    0.002389    0.033968    0.114291   21.455069 v _0991_/X (sky130_fd_sc_hd__o21a_1)
                                                         _0194_ (net)
                      0.033968    0.000007   21.455076 v _1312_/D (sky130_fd_sc_hd__dfxtp_1)
                                             21.455076   data arrival time

                                100.000000  100.000000   clock clk (rise edge)
                                  0.000000  100.000000   clock source latency
     1    0.019228    0.092285    0.063494  100.063492 ^ clk (in)
                                                         clk (net)
                      0.092295    0.000000  100.063492 ^ clkbuf_0_clk/A (sky130_fd_sc_hd__clkbuf_16)
    16    0.089339    0.105666    0.195833  100.259323 ^ clkbuf_0_clk/X (sky130_fd_sc_hd__clkbuf_16)
                                                         clknet_0_clk (net)
                      0.105669    0.000725  100.260048 ^ clkbuf_4_10_0_clk/A (sky130_fd_sc_hd__clkbuf_8)
    14    0.041830    0.084848    0.181402  100.441452 ^ clkbuf_4_10_0_clk/X (sky130_fd_sc_hd__clkbuf_8)
                                                         clknet_4_10_0_clk (net)
                      0.084849    0.000398  100.441849 ^ _1312_/CLK (sky130_fd_sc_hd__dfxtp_1)
                                 -0.250000  100.191849   clock uncertainty
                                  0.000000  100.191849   clock reconvergence pessimism
                                 -0.096387  100.095467   library setup time
                                            100.095467   data required time
---------------------------------------------------------------------------------------------
                                            100.095467   data required time
                                            -21.455076   data arrival time
---------------------------------------------------------------------------------------------
                                             78.640388   slack (MET)




===========================================================================
report_checks --slack_max -0.01
============================================================================
======================= nom_tt_025C_1v80 Corner ===================================

No paths found.


===========================================================================
 report_check_types -max_slew -max_cap -max_fanout -violators
============================================================================
======================= nom_tt_025C_1v80 Corner ===================================

max fanout

Pin                                   Limit Fanout  Slack
---------------------------------------------------------
clkbuf_0_clk/X                           10     16     -6 (VIOLATED)
clkbuf_4_15_0_clk/X                      10     16     -6 (VIOLATED)
clkbuf_4_11_0_clk/X                      10     15     -5 (VIOLATED)
clkbuf_4_10_0_clk/X                      10     14     -4 (VIOLATED)
clkbuf_4_13_0_clk/X                      10     14     -4 (VIOLATED)
clkbuf_4_8_0_clk/X                       10     14     -4 (VIOLATED)
clkbuf_4_14_0_clk/X                      10     13     -3 (VIOLATED)
clkbuf_4_3_0_clk/X                       10     12     -2 (VIOLATED)
clkbuf_4_2_0_clk/X                       10     11        (VIOLATED)



===========================================================================
report_parasitic_annotation -report_unannotated
============================================================================
Found 15 unannotated drivers.
 clkload0/Y
 clkload1/Y
 clkload10/Y
 clkload11/X
 clkload12/Y
 clkload13/Y
 clkload14/Y
 clkload2/Y
 clkload3/Y
 clkload4/Y
 clkload5/Y
 clkload6/Y
 clkload7/Y
 clkload8/Y
 clkload9/Y
Found 0 partially unannotated drivers.

===========================================================================
max slew violation count 0
Writing metric design__max_slew_violation__count__corner:nom_tt_025C_1v80: 0
max fanout violation count 9
Writing metric design__max_fanout_violation__count__corner:nom_tt_025C_1v80: 9
max cap violation count 0
Writing metric design__max_cap_violation__count__corner:nom_tt_025C_1v80: 0
============================================================================

===========================================================================
check_setup -verbose -unconstrained_endpoints -multiple_clock -no_clock -no_input_delay -loops -generated_clocks
===========================================================================
