
===========================================================================
 report_power
============================================================================
======================= nom_tt_025C_1v80 Corner ===================================

Group                    Internal    Switching      Leakage        Total
                            Power        Power        Power        Power (Watts)
------------------------------------------------------------------------
Sequential           6.836760e-05 5.309973e-07 2.142389e-09 6.890074e-05  56.9%
Combinational        3.650654e-06 3.823768e-06 3.447523e-09 7.477869e-06   6.2%
Clock                2.215516e-05 2.250406e-05 5.618905e-10 4.465978e-05  36.9%
Macro                0.000000e+00 0.000000e+00 0.000000e+00 0.000000e+00   0.0%
Pad                  0.000000e+00 0.000000e+00 0.000000e+00 0.000000e+00   0.0%
------------------------------------------------------------------------
Total                9.417339e-05 2.685882e-05 6.151821e-09 1.210384e-04 100.0%
                            77.8%        22.2%         0.0%
Writing metric power__internal__total: 9.417338878847659e-5
Writing metric power__switching__total: 2.6858822820940986e-5
Writing metric power__leakage__total: 6.151820830524457e-9
Writing metric power__total: 0.00012103835615562275

