
===========================================================================
report_checks -unconstrained
===========================================================================
======================= min_ss_100C_1v60 Corner ===================================

Startpoint: rst (input port clocked by clk)
Endpoint: _1195_ (recovery check against rising-edge clock clk)
Path Group: asynchronous
Path Type: max

Fanout         Cap        Slew       Delay        Time   Description
---------------------------------------------------------------------------------------------
                                  0.000000    0.000000   clock clk (rise edge)
                                  0.000000    0.000000   clock network delay (propagated)
                                 20.000000   20.000000 v input external delay
     1    0.002771    0.018348    0.009122   20.009123 v rst (in)
                                                         rst (net)
                      0.018348    0.000000   20.009123 v input18/A (sky130_fd_sc_hd__clkbuf_2)
     4    0.034189    0.240708    0.312170   20.321291 v input18/X (sky130_fd_sc_hd__clkbuf_2)
                                                         net18 (net)
                      0.240708    0.000727   20.322018 v fanout53/A (sky130_fd_sc_hd__buf_2)
     5    0.036164    0.173974    0.431761   20.753780 v fanout53/X (sky130_fd_sc_hd__buf_2)
                                                         net53 (net)
                      0.173974    0.000242   20.754021 v fanout52/A (sky130_fd_sc_hd__buf_4)
    10    0.059355    0.152678    0.395971   21.149992 v fanout52/X (sky130_fd_sc_hd__buf_4)
                                                         net52 (net)
                      0.152678    0.000107   21.150099 v fanout51/A (sky130_fd_sc_hd__clkbuf_4)
     9    0.049897    0.188506    0.403533   21.553633 v fanout51/X (sky130_fd_sc_hd__clkbuf_4)
                                                         net51 (net)
                      0.188511    0.001256   21.554888 v fanout50/A (sky130_fd_sc_hd__buf_4)
    10    0.051828    0.137160    0.390994   21.945883 v fanout50/X (sky130_fd_sc_hd__buf_4)
                                                         net50 (net)
                      0.137160    0.000567   21.946449 v _1037_/A (sky130_fd_sc_hd__inv_2)
     1    0.003602    0.052470    0.095937   22.042387 ^ _1037_/Y (sky130_fd_sc_hd__inv_2)
                                                         _0077_ (net)
                      0.052470    0.000025   22.042412 ^ _1195_/RESET_B (sky130_fd_sc_hd__dfrtp_2)
                                             22.042412   data arrival time

                                100.000000  100.000000   clock clk (rise edge)
                                  0.000000  100.000000   clock source latency
     1    0.025379    0.187701    0.129482  100.129478 ^ clk (in)
                                                         clk (net)
                      0.187737    0.000000  100.129478 ^ clkbuf_0_clk/A (sky130_fd_sc_hd__clkbuf_16)
    16    0.105704    0.184396    0.375088  100.504570 ^ clkbuf_0_clk/X (sky130_fd_sc_hd__clkbuf_16)
                                                         clknet_0_clk (net)
                      0.184417    0.002089  100.506653 ^ clkbuf_4_5_0_clk/A (sky130_fd_sc_hd__clkbuf_8)
     8    0.039945    0.129694    0.330267  100.836922 ^ clkbuf_4_5_0_clk/X (sky130_fd_sc_hd__clkbuf_8)
                                                         clknet_4_5_0_clk (net)
                      0.129694    0.000462  100.837387 ^ _1195_/CLK (sky130_fd_sc_hd__dfrtp_2)
                                 -0.250000  100.587387   clock uncertainty
                                  0.000000  100.587387   clock reconvergence pessimism
                                  0.471959  101.059341   library recovery time
                                            101.059341   data required time
---------------------------------------------------------------------------------------------
                                            101.059341   data required time
                                            -22.042412   data arrival time
---------------------------------------------------------------------------------------------
                                             79.016930   slack (MET)


Startpoint: rst (input port clocked by clk)
Endpoint: _1312_ (rising edge-triggered flip-flop clocked by clk)
Path Group: clk
Path Type: max

Fanout         Cap        Slew       Delay        Time   Description
---------------------------------------------------------------------------------------------
                                  0.000000    0.000000   clock clk (rise edge)
                                  0.000000    0.000000   clock network delay (propagated)
                                 20.000000   20.000000 v input external delay
     1    0.002771    0.018348    0.009122   20.009123 v rst (in)
                                                         rst (net)
                      0.018348    0.000000   20.009123 v input18/A (sky130_fd_sc_hd__clkbuf_2)
     4    0.034189    0.240708    0.312170   20.321291 v input18/X (sky130_fd_sc_hd__clkbuf_2)
                                                         net18 (net)
                      0.240716    0.001613   20.322905 v fanout58/A (sky130_fd_sc_hd__clkbuf_4)
     9    0.054629    0.203922    0.456348   20.779253 v fanout58/X (sky130_fd_sc_hd__clkbuf_4)
                                                         net58 (net)
                      0.203931    0.001622   20.780874 v fanout56/A (sky130_fd_sc_hd__buf_4)
    10    0.053602    0.140701    0.401267   21.182140 v fanout56/X (sky130_fd_sc_hd__buf_4)
                                                         net56 (net)
                      0.140701    0.000204   21.182344 v _0979_/A (sky130_fd_sc_hd__or2_2)
     6    0.026943    0.220554    0.849600   22.031944 v _0979_/X (sky130_fd_sc_hd__or2_2)
                                                         _0549_ (net)
                      0.220554    0.000593   22.032537 v _0990_/A (sky130_fd_sc_hd__or3_1)
     1    0.008649    0.195496    0.984878   23.017416 v _0990_/X (sky130_fd_sc_hd__or3_1)
                                                         _0560_ (net)
                      0.195496    0.000309   23.017725 v _0991_/B1 (sky130_fd_sc_hd__o21a_1)
     1    0.002822    0.065104    0.247857   23.265583 v _0991_/X (sky130_fd_sc_hd__o21a_1)
                                                         _0194_ (net)
                      0.065104    0.000032   23.265614 v _1312_/D (sky130_fd_sc_hd__dfxtp_1)
                                             23.265614   data arrival time

                                100.000000  100.000000   clock clk (rise edge)
                                  0.000000  100.000000   clock source latency
     1    0.025379    0.187701    0.129482  100.129478 ^ clk (in)
                                                         clk (net)
                      0.187737    0.000000  100.129478 ^ clkbuf_0_clk/A (sky130_fd_sc_hd__clkbuf_16)
    16    0.105704    0.184396    0.375088  100.504570 ^ clkbuf_0_clk/X (sky130_fd_sc_hd__clkbuf_16)
                                                         clknet_0_clk (net)
                      0.184423    0.002288  100.506859 ^ clkbuf_4_10_0_clk/A (sky130_fd_sc_hd__clkbuf_8)
    14    0.047236    0.147117    0.343235  100.850090 ^ clkbuf_4_10_0_clk/X (sky130_fd_sc_hd__clkbuf_8)
                                                         clknet_4_10_0_clk (net)
                      0.147132    0.001585  100.851677 ^ _1312_/CLK (sky130_fd_sc_hd__dfxtp_1)
                                 -0.250000  100.601677   clock uncertainty
                                  0.000000  100.601677   clock reconvergence pessimism
                                 -0.246170  100.355507   library setup time
                                            100.355507   data required time
---------------------------------------------------------------------------------------------
                                            100.355507   data required time
                                            -23.265614   data arrival time
---------------------------------------------------------------------------------------------
                                             77.089897   slack (MET)




===========================================================================
report_checks --slack_max -0.01
============================================================================
======================= min_ss_100C_1v60 Corner ===================================

No paths found.


===========================================================================
 report_check_types -max_slew -max_cap -max_fanout -violators
============================================================================
======================= min_ss_100C_1v60 Corner ===================================

max slew

Pin                                        Limit        Slew       Slack
------------------------------------------------------------------------
_0692_/Y                                0.750000    1.125185   -0.375185 (VIOLATED)
_0693_/A_N                              0.750000    1.125185   -0.375185 (VIOLATED)
_0694_/S                                0.750000    1.125185   -0.375185 (VIOLATED)
max_cap30/A                             0.750000    1.125185   -0.375185 (VIOLATED)

max fanout

Pin                                   Limit Fanout  Slack
---------------------------------------------------------
clkbuf_0_clk/X                           10     16     -6 (VIOLATED)
clkbuf_4_15_0_clk/X                      10     16     -6 (VIOLATED)
clkbuf_4_11_0_clk/X                      10     15     -5 (VIOLATED)
clkbuf_4_10_0_clk/X                      10     14     -4 (VIOLATED)
clkbuf_4_13_0_clk/X                      10     14     -4 (VIOLATED)
clkbuf_4_8_0_clk/X                       10     14     -4 (VIOLATED)
clkbuf_4_14_0_clk/X                      10     13     -3 (VIOLATED)
clkbuf_4_3_0_clk/X                       10     12     -2 (VIOLATED)
clkbuf_4_2_0_clk/X                       10     11        (VIOLATED)



===========================================================================
report_parasitic_annotation -report_unannotated
============================================================================
Found 15 unannotated drivers.
 clkload0/Y
 clkload1/Y
 clkload10/Y
 clkload11/X
 clkload12/Y
 clkload13/Y
 clkload14/Y
 clkload2/Y
 clkload3/Y
 clkload4/Y
 clkload5/Y
 clkload6/Y
 clkload7/Y
 clkload8/Y
 clkload9/Y
Found 0 partially unannotated drivers.

===========================================================================
max slew violation count 4
max fanout violation count 9
max cap violation count 0
============================================================================

===========================================================================
check_setup -verbose -unconstrained_endpoints -multiple_clock -no_clock -no_input_delay -loops -generated_clocks
===========================================================================
