
===========================================================================
 report_power
============================================================================
======================= min_ss_100C_1v60 Corner ===================================

Group                    Internal    Switching      Leakage        Total
                            Power        Power        Power        Power (Watts)
------------------------------------------------------------------------
Sequential           5.242150e-05 4.897515e-07 3.045030e-06 5.595628e-05  53.8%
Combinational        2.926947e-06 3.230625e-06 3.853592e-06 1.001116e-05   9.6%
Clock                1.821041e-05 1.959937e-05 3.136697e-07 3.812345e-05  36.6%
Macro                0.000000e+00 0.000000e+00 0.000000e+00 0.000000e+00   0.0%
Pad                  0.000000e+00 0.000000e+00 0.000000e+00 0.000000e+00   0.0%
------------------------------------------------------------------------
Total                7.355886e-05 2.331975e-05 7.212254e-06 1.040909e-04 100.0%
                            70.7%        22.4%         6.9%

