Clock: clk
Sources: clk 
Generated: no
Virtual: no
Propagated: no
Period: 100.000000

===========================================================================
report_clock_properties
============================================================================
Clock                   Period          Waveform
----------------------------------------------------
clk                 100.000000    0.000000 50.000000

===========================================================================
report_clock_latency
============================================================================
Clock clk
rise -> rise
    min     max
0.000000 0.000000 source latency
0.953738         network latency _1189_/CLK
        0.953738 network latency _1189_/CLK
---------------
0.953738 0.953738 latency
        0.000000 skew

fall -> fall
    min     max
0.000000 0.000000 source latency
0.462272         network latency _1189_/CLK
        0.462272 network latency _1189_/CLK
---------------
0.462272 0.462272 latency
        0.000000 skew



===========================================================================
report_clock_min_period
============================================================================
clk period_min = 3.12 fmax = 320.61
