
===========================================================================
 report_power
============================================================================
======================= nom_tt_025C_1v80 Corner ===================================

Group                    Internal    Switching      Leakage        Total
                            Power        Power        Power        Power (Watts)
------------------------------------------------------------------------
Sequential           6.877554e-05 8.812041e-07 1.947854e-09 6.965869e-05  92.5%
Combinational        3.888066e-06 1.718027e-06 2.575703e-09 5.608668e-06   7.5%
Clock                0.000000e+00 0.000000e+00 0.000000e+00 0.000000e+00   0.0%
Macro                0.000000e+00 0.000000e+00 0.000000e+00 0.000000e+00   0.0%
Pad                  0.000000e+00 0.000000e+00 0.000000e+00 0.000000e+00   0.0%
------------------------------------------------------------------------
Total                7.266363e-05 2.599230e-06 4.523566e-09 7.526738e-05 100.0%
                            96.5%         3.5%         0.0%

