
===========================================================================
report_checks -unconstrained
===========================================================================
======================= max_ss_100C_1v60 Corner ===================================

Startpoint: rst (input port clocked by clk)
Endpoint: _1195_ (recovery check against rising-edge clock clk)
Path Group: asynchronous
Path Type: max

Fanout         Cap        Slew       Delay        Time   Description
---------------------------------------------------------------------------------------------
                                  0.000000    0.000000   clock clk (rise edge)
                                  0.000000    0.000000   clock network delay (propagated)
                                 20.000000   20.000000 v input external delay
     1    0.002870    0.018722    0.009500   20.009501 v rst (in)
                                                         rst (net)
                      0.018723    0.000000   20.009501 v input18/A (sky130_fd_sc_hd__clkbuf_2)
     4    0.038872    0.272027    0.333149   20.342649 v input18/X (sky130_fd_sc_hd__clkbuf_2)
                                                         net18 (net)
                      0.272134    0.002405   20.345055 v fanout53/A (sky130_fd_sc_hd__buf_2)
     5    0.040507    0.191111    0.458753   20.803808 v fanout53/X (sky130_fd_sc_hd__buf_2)
                                                         net53 (net)
                      0.191124    0.001778   20.805586 v fanout52/A (sky130_fd_sc_hd__buf_4)
    10    0.063125    0.161645    0.407175   21.212761 v fanout52/X (sky130_fd_sc_hd__buf_4)
                                                         net52 (net)
                      0.161654    0.001519   21.214279 v fanout51/A (sky130_fd_sc_hd__clkbuf_4)
     9    0.052629    0.197070    0.412976   21.627254 v fanout51/X (sky130_fd_sc_hd__clkbuf_4)
                                                         net51 (net)
                      0.197187    0.004409   21.631664 v fanout50/A (sky130_fd_sc_hd__buf_4)
    10    0.053718    0.141056    0.396930   22.028595 v fanout50/X (sky130_fd_sc_hd__buf_4)
                                                         net50 (net)
                      0.141137    0.003094   22.031689 v _1037_/A (sky130_fd_sc_hd__inv_2)
     1    0.003698    0.053813    0.097991   22.129681 ^ _1037_/Y (sky130_fd_sc_hd__inv_2)
                                                         _0077_ (net)
                      0.053813    0.000194   22.129873 ^ _1195_/RESET_B (sky130_fd_sc_hd__dfrtp_2)
                                             22.129873   data arrival time

                                100.000000  100.000000   clock clk (rise edge)
                                  0.000000  100.000000   clock source latency
     1    0.028122    0.206249    0.144382  100.144379 ^ clk (in)
                                                         clk (net)
                      0.206394    0.000000  100.144379 ^ clkbuf_0_clk/A (sky130_fd_sc_hd__clkbuf_16)
    16    0.113430    0.195936    0.388326  100.532707 ^ clkbuf_0_clk/X (sky130_fd_sc_hd__clkbuf_16)
                                                         clknet_0_clk (net)
                      0.196472    0.007525  100.540230 ^ clkbuf_4_5_0_clk/A (sky130_fd_sc_hd__clkbuf_8)
     8    0.042127    0.134783    0.338993  100.879219 ^ clkbuf_4_5_0_clk/X (sky130_fd_sc_hd__clkbuf_8)
                                                         clknet_4_5_0_clk (net)
                      0.134815    0.002061  100.881287 ^ _1195_/CLK (sky130_fd_sc_hd__dfrtp_2)
                                 -0.250000  100.631287   clock uncertainty
                                  0.000000  100.631287   clock reconvergence pessimism
                                  0.473096  101.104378   library recovery time
                                            101.104378   data required time
---------------------------------------------------------------------------------------------
                                            101.104378   data required time
                                            -22.129873   data arrival time
---------------------------------------------------------------------------------------------
                                             78.974503   slack (MET)


Startpoint: rst (input port clocked by clk)
Endpoint: _1312_ (rising edge-triggered flip-flop clocked by clk)
Path Group: clk
Path Type: max

Fanout         Cap        Slew       Delay        Time   Description
---------------------------------------------------------------------------------------------
                                  0.000000    0.000000   clock clk (rise edge)
                                  0.000000    0.000000   clock network delay (propagated)
                                 20.000000   20.000000 v input external delay
     1    0.002870    0.018722    0.009500   20.009501 v rst (in)
                                                         rst (net)
                      0.018723    0.000000   20.009501 v input18/A (sky130_fd_sc_hd__clkbuf_2)
     4    0.038872    0.272027    0.333149   20.342649 v input18/X (sky130_fd_sc_hd__clkbuf_2)
                                                         net18 (net)
                      0.272225    0.004784   20.347433 v fanout58/A (sky130_fd_sc_hd__clkbuf_4)
     9    0.059298    0.218859    0.479290   20.826723 v fanout58/X (sky130_fd_sc_hd__clkbuf_4)
                                                         net58 (net)
                      0.219106    0.006727   20.833448 v fanout56/A (sky130_fd_sc_hd__buf_4)
    10    0.056722    0.147093    0.412127   21.245577 v fanout56/X (sky130_fd_sc_hd__buf_4)
                                                         net56 (net)
                      0.147105    0.001503   21.247080 v _0979_/A (sky130_fd_sc_hd__or2_2)
     6    0.029981    0.233198    0.864594   22.111673 v _0979_/X (sky130_fd_sc_hd__or2_2)
                                                         _0549_ (net)
                      0.233255    0.003533   22.115206 v _0990_/A (sky130_fd_sc_hd__or3_1)
     1    0.009882    0.209450    1.005979   23.121185 v _0990_/X (sky130_fd_sc_hd__or3_1)
                                                         _0560_ (net)
                      0.209451    0.000997   23.122183 v _0991_/B1 (sky130_fd_sc_hd__o21a_1)
     1    0.003061    0.067331    0.257156   23.379337 v _0991_/X (sky130_fd_sc_hd__o21a_1)
                                                         _0194_ (net)
                      0.067331    0.000215   23.379553 v _1312_/D (sky130_fd_sc_hd__dfxtp_1)
                                             23.379553   data arrival time

                                100.000000  100.000000   clock clk (rise edge)
                                  0.000000  100.000000   clock source latency
     1    0.028122    0.206249    0.144382  100.144379 ^ clk (in)
                                                         clk (net)
                      0.206394    0.000000  100.144379 ^ clkbuf_0_clk/A (sky130_fd_sc_hd__clkbuf_16)
    16    0.113430    0.195936    0.388326  100.532707 ^ clkbuf_0_clk/X (sky130_fd_sc_hd__clkbuf_16)
                                                         clknet_0_clk (net)
                      0.196621    0.008669  100.541374 ^ clkbuf_4_10_0_clk/A (sky130_fd_sc_hd__clkbuf_8)
    14    0.051678    0.158521    0.354554  100.895927 ^ clkbuf_4_10_0_clk/X (sky130_fd_sc_hd__clkbuf_8)
                                                         clknet_4_10_0_clk (net)
                      0.159027    0.006409  100.902336 ^ _1312_/CLK (sky130_fd_sc_hd__dfxtp_1)
                                 -0.250000  100.652336   clock uncertainty
                                  0.000000  100.652336   clock reconvergence pessimism
                                 -0.243891  100.408447   library setup time
                                            100.408447   data required time
---------------------------------------------------------------------------------------------
                                            100.408447   data required time
                                            -23.379553   data arrival time
---------------------------------------------------------------------------------------------
                                             77.028885   slack (MET)




===========================================================================
report_checks --slack_max -0.01
============================================================================
======================= max_ss_100C_1v60 Corner ===================================

No paths found.


===========================================================================
 report_check_types -max_slew -max_cap -max_fanout -violators
============================================================================
======================= max_ss_100C_1v60 Corner ===================================

max slew

Pin                                        Limit        Slew       Slack
------------------------------------------------------------------------
_0693_/A_N                              0.750000    1.232837   -0.482837 (VIOLATED)
_0694_/S                                0.750000    1.232836   -0.482837 (VIOLATED)
max_cap30/A                             0.750000    1.232836   -0.482836 (VIOLATED)
_0692_/Y                                0.750000    1.232834   -0.482834 (VIOLATED)

max fanout

Pin                                   Limit Fanout  Slack
---------------------------------------------------------
clkbuf_0_clk/X                           10     16     -6 (VIOLATED)
clkbuf_4_15_0_clk/X                      10     16     -6 (VIOLATED)
clkbuf_4_11_0_clk/X                      10     15     -5 (VIOLATED)
clkbuf_4_10_0_clk/X                      10     14     -4 (VIOLATED)
clkbuf_4_13_0_clk/X                      10     14     -4 (VIOLATED)
clkbuf_4_8_0_clk/X                       10     14     -4 (VIOLATED)
clkbuf_4_14_0_clk/X                      10     13     -3 (VIOLATED)
clkbuf_4_3_0_clk/X                       10     12     -2 (VIOLATED)
clkbuf_4_2_0_clk/X                       10     11        (VIOLATED)



===========================================================================
report_parasitic_annotation -report_unannotated
============================================================================
Found 15 unannotated drivers.
 clkload0/Y
 clkload1/Y
 clkload10/Y
 clkload11/X
 clkload12/Y
 clkload13/Y
 clkload14/Y
 clkload2/Y
 clkload3/Y
 clkload4/Y
 clkload5/Y
 clkload6/Y
 clkload7/Y
 clkload8/Y
 clkload9/Y
Found 0 partially unannotated drivers.

===========================================================================
max slew violation count 4
max fanout violation count 9
max cap violation count 0
============================================================================

===========================================================================
check_setup -verbose -unconstrained_endpoints -multiple_clock -no_clock -no_input_delay -loops -generated_clocks
===========================================================================
