Clock: clk
Sources: clk 
Generated: no
Virtual: yes
Propagated: no
Period: 100.000000

===========================================================================
report_clock_properties
============================================================================
Clock                   Period          Waveform
----------------------------------------------------
clk                 100.000000    0.000000 50.000000

===========================================================================
report_clock_latency
============================================================================
Clock clk
rise -> rise
    min     max
0.000000 0.000000 source latency
0.873216         network latency _1327_/CLK
        0.903099 network latency _1352_/CLK
---------------
0.873216 0.903099 latency
        0.029883 skew

fall -> fall
    min     max
0.000000 0.000000 source latency
0.765741         network latency _1327_/CLK
        0.788059 network latency _1352_/CLK
---------------
0.765741 0.788059 latency
        0.022318 skew



===========================================================================
report_clock_min_period
============================================================================
clk period_min = 6.03 fmax = 165.73
