
===========================================================================
 report_power
============================================================================
======================= max_ss_100C_1v60 Corner ===================================

Group                    Internal    Switching      Leakage        Total
                            Power        Power        Power        Power (Watts)
------------------------------------------------------------------------
Sequential           5.241256e-05 5.248529e-07 3.045030e-06 5.598244e-05  53.0%
Combinational        2.928726e-06 3.405270e-06 3.853592e-06 1.018759e-05   9.7%
Clock                1.820123e-05 2.087092e-05 3.136697e-07 3.938582e-05  37.3%
Macro                0.000000e+00 0.000000e+00 0.000000e+00 0.000000e+00   0.0%
Pad                  0.000000e+00 0.000000e+00 0.000000e+00 0.000000e+00   0.0%
------------------------------------------------------------------------
Total                7.354255e-05 2.480103e-05 7.212254e-06 1.055558e-04 100.0%
                            69.7%        23.5%         6.8%

